// Jest Snapshot v1, https://goo.gl/fbAQLP

exports[`Heading renders correctly 1`] = `
.c0 {
  display: block;
  margin: 0;
  color: #454545;
  font-size: 2em;
  font-weight: 600;
}

<styled.h1>
  <StyledComponent
    forwardedComponent={
      Object {
        "$$typeof": Symbol(react.forward_ref),
        "attrs": Array [],
        "componentStyle": ComponentStyle {
          "componentId": "sc-bdVaJa",
          "isStatic": false,
          "lastClassName": "c0",
          "rules": Array [
            "
  display: block;
  margin: 0;

  color: ",
            [Function],
            ";
  font-size: ",
            [Function],
            ";
  font-weight: ",
            [Function],
            ";
",
          ],
        },
        "displayName": "styled.h1",
        "foldedComponentIds": Array [],
        "render": [Function],
        "styledComponentId": "sc-bdVaJa",
        "target": "h1",
        "toString": [Function],
        "warnTooManyClasses": [Function],
        "withComponent": [Function],
      }
    }
    forwardedRef={null}
  >
    <h1
      className="c0"
    >
      Test Heading
    </h1>
  </StyledComponent>
</styled.h1>
`;
