// Jest Snapshot v1, https://goo.gl/fbAQLP

exports[`Button renders correctly 1`] = `
.c0 {
  cursor: pointer;
  padding: 0.8em;
  border-radius: 6px;
  font-size: 100%;
  color: white;
  background-color: #454545;
  will-change: filter;
  -webkit-transition: filter 250ms ease-in-out;
  transition: filter 250ms ease-in-out;
}

.c0:hover {
  -webkit-filter: brightness(110%);
  filter: brightness(110%);
}

.c0:focus {
  outline: none;
}

<_default
  label="Default"
>
  <styled.button
    backgroundColor="black"
    color="white"
    onClick={[Function]}
    type="button"
  >
    <StyledComponent
      backgroundColor="black"
      color="white"
      forwardedComponent={
        Object {
          "$$typeof": Symbol(react.forward_ref),
          "attrs": Array [],
          "componentStyle": ComponentStyle {
            "componentId": "sc-bdVaJa",
            "isStatic": false,
            "lastClassName": "c0",
            "rules": Array [
              "
  cursor: pointer;
  padding: ",
              [Function],
              ";
  border-radius: ",
              [Function],
              ";

  font-size: 100%;
  color: ",
              [Function],
              ";
  background-color: ",
              [Function],
              ";

  will-change: filter;
  transition: filter 250ms ease-in-out;
  &:hover {
    filter: brightness(110%);
  }

  // remove annoying blue Chrome outline when focused
  &:focus {
    outline: none;
  }
",
            ],
          },
          "displayName": "styled.button",
          "foldedComponentIds": Array [],
          "render": [Function],
          "styledComponentId": "sc-bdVaJa",
          "target": "button",
          "toString": [Function],
          "warnTooManyClasses": [Function],
          "withComponent": [Function],
        }
      }
      forwardedRef={null}
      onClick={[Function]}
      type="button"
    >
      <button
        className="c0"
        color="white"
        onClick={[Function]}
        type="button"
      >
        Default
      </button>
    </StyledComponent>
  </styled.button>
</_default>
`;
